version https://git-lfs.github.com/spec/v1
oid sha256:20915821d9c4c591218d9bb011c89f14caab2e09536c75ada5d5c94284bc5dec
size 271
