version https://git-lfs.github.com/spec/v1
oid sha256:a6d6f1f396632fcdcea0073c3cf9fa24dfa430bb2216a54dac46ea94c1e933b7
size 189
