version https://git-lfs.github.com/spec/v1
oid sha256:cdfbdad0cba95d5d976f3a67c6e8aa8d0a2ac79a6f7425a5858e34a2b717c49e
size 207
