version https://git-lfs.github.com/spec/v1
oid sha256:b3c680fb3773ffe1fb0382b0b1b31740ba6204ef5c98f8a27fcb476fe078001e
size 522
