version https://git-lfs.github.com/spec/v1
oid sha256:7fe44ffa019f59680cd291b0e5e4db2244389b7e213388dbc7242bbc8ea422bf
size 226
