version https://git-lfs.github.com/spec/v1
oid sha256:9e15ce71a1dd3147143a921faa0ca23896eee4fbc4b666b622b4a6755f36c511
size 761
