version https://git-lfs.github.com/spec/v1
oid sha256:1a437f1a0761462440943152ae569330f1e1fe71b86993f200e63886b0e843f5
size 2115
