version https://git-lfs.github.com/spec/v1
oid sha256:bcfd18e0648d8a0e349842ea469a4095df07968c355cfba3dcf4a8c793529814
size 178
