version https://git-lfs.github.com/spec/v1
oid sha256:a13c235aeb4ff2beac70b51e981602f5359030f40a44a93b14e67e2fd6ba8ec9
size 233
