version https://git-lfs.github.com/spec/v1
oid sha256:7c7e7119e747d26fe60ef8a4bbf37f066ea648a6693f43bc577c54bf1e182f19
size 636
