version https://git-lfs.github.com/spec/v1
oid sha256:19d049d13ccdf1461468a13b0d14e041e1748971a3efbe76865c6c88362b34da
size 488
