version https://git-lfs.github.com/spec/v1
oid sha256:d1fb64b2c7fbfd1be424f4a54ee8187aa61df3c39f101f54d799b3d8732797bc
size 134
