version https://git-lfs.github.com/spec/v1
oid sha256:8ec21b44dd00a2a2be5aba04280540b046ca5e14ae46fb7a977a5307759a0ea9
size 181
