version https://git-lfs.github.com/spec/v1
oid sha256:4352c04fa62e03f354ed3077f9b46af82b55768727153862783159c8cc50905d
size 436
