version https://git-lfs.github.com/spec/v1
oid sha256:acabeac6e90b718ce29a8c25784bfd3cb300aa00439fe53120509bb845987586
size 372
