version https://git-lfs.github.com/spec/v1
oid sha256:a17354726ea4f6fbd1fdccb684162c1db79b4afcd62227274f9414608d55fad9
size 120
