version https://git-lfs.github.com/spec/v1
oid sha256:71cc821ab459d7848c1a0f35c8f89701e656c5090947c5391fb6fbf995477c29
size 951
