version https://git-lfs.github.com/spec/v1
oid sha256:341c5f4226f4c46d54df975f44f588f847d7a339fb0ef2ab600ddc121101d254
size 485
