version https://git-lfs.github.com/spec/v1
oid sha256:2d5c7f1f579a65ea1c7d37c043f9518e65c7862f49112314d8e939d8c25b8265
size 337
