version https://git-lfs.github.com/spec/v1
oid sha256:8f3e8c0eb865b7e1fa1d9aa8e9e221aa0306d516047ef6692b4ef53b77df420a
size 852
