version https://git-lfs.github.com/spec/v1
oid sha256:a4b78bb5b9ff132b4cba3e3b346ed40de9bbae9d0221483137cfb18ea52dfde8
size 469
