version https://git-lfs.github.com/spec/v1
oid sha256:9b4fae0223f78f5cbb221e25c3513ec74d099f6535cf90505c6a285b64613352
size 1650
