version https://git-lfs.github.com/spec/v1
oid sha256:5cca8eb1df6a4f8cec0c3551fc0a57cad64e9fdef4d6ca665ae01cb7e00615c4
size 882
