version https://git-lfs.github.com/spec/v1
oid sha256:b3b35076f9d5ef17b297150105f4e311f34afee047557880815b0ae786f858db
size 1465
