version https://git-lfs.github.com/spec/v1
oid sha256:6a1cf26b77ca704690ae2fdfd95c3b8e4191aed0473491fdbd8ee0e3334a8c6d
size 133
