version https://git-lfs.github.com/spec/v1
oid sha256:8a07a48e9c7bc7a621ac74eec4f630f6d76fa53a0b4a05d6e148b00eb553f628
size 140
