version https://git-lfs.github.com/spec/v1
oid sha256:809d101f40dde5f6c80b32538b6caf69798be9d417425f32d8cc26a39437fdca
size 346
