version https://git-lfs.github.com/spec/v1
oid sha256:4b8daacc157848d33c31305e254cdff8578b23ddff9c234951c2a645eece2b51
size 488
