version https://git-lfs.github.com/spec/v1
oid sha256:186557b6f1eea9328bcc9ccf97ad9b54abb53cf7b9c1927cf5ee249ab31e2883
size 531
