version https://git-lfs.github.com/spec/v1
oid sha256:e7edaf3100608bf5e71f937a55b51795fb4fb8ca664aba1423bcbc398720af5b
size 208
