version https://git-lfs.github.com/spec/v1
oid sha256:214309ad85518a0b67cff23cf3d5ab44159668c536aeb9e4566d399f5a8795e2
size 1122
