version https://git-lfs.github.com/spec/v1
oid sha256:a4e7bf431f4e8bacfb492bdecc2a979081a7377eea8602c496131cb131eb445e
size 2750
