version https://git-lfs.github.com/spec/v1
oid sha256:86d39890c037332dd29a7b2ad9d8d6471854760d7aa115408800d2a47b83c03b
size 126
