version https://git-lfs.github.com/spec/v1
oid sha256:d91e0d74023a16ecb209c1d76c8b47b75d8d875d18d8fb4214bb265fbfe64293
size 1132
