version https://git-lfs.github.com/spec/v1
oid sha256:d8cf8162c7938361f2e09247ce85ee1b9d3d02f523ae3dfa0e8fc8e556a7e1aa
size 424
