version https://git-lfs.github.com/spec/v1
oid sha256:1f21ef85fd7c35d4aee72a4b050a44f1f0e8477aeb22f794c7f580c676d73956
size 1060
