version https://git-lfs.github.com/spec/v1
oid sha256:5388f25ea8d5e6b5006ff08388df528ef0b4f48de569348e51b6a16cc0f43a2b
size 345
