version https://git-lfs.github.com/spec/v1
oid sha256:365a95e8f442c97a2edaa1fd19d6edea10fb24d9056261f1dd0c69f61ed7c358
size 134
