version https://git-lfs.github.com/spec/v1
oid sha256:505d61b77eff42664498cae7896c43f44ad7003ea34207b55bfadbec4b26c566
size 675
