version https://git-lfs.github.com/spec/v1
oid sha256:93bee4aa91435f9e002ebdde282aacc96e0ebd15eee2efeb2b7ab366f944f8fd
size 1236
