version https://git-lfs.github.com/spec/v1
oid sha256:ccf748e93e9e46610c905f0db1e6de13161742c25a6c9fd1e290e0cbaddde5c8
size 126
