version https://git-lfs.github.com/spec/v1
oid sha256:7bbd1615f59aad7ebc2efcc1ab76287b17a69b3d70d8c4b3c28ad4aaa744e316
size 424
