version https://git-lfs.github.com/spec/v1
oid sha256:946ee37769bfaf8e02a81ca3353761c30ffb19dfad62b70ec07836f18179f879
size 349
