version https://git-lfs.github.com/spec/v1
oid sha256:2d39a42c69da4e67ad0e161118c1dcc358c0753e17d215df6ace9757c2807f90
size 299
