version https://git-lfs.github.com/spec/v1
oid sha256:743ad0c8b5c974dec658c1c17ac1a1bdaad91c773819705b6cde72389c52f69f
size 1421
