version https://git-lfs.github.com/spec/v1
oid sha256:ae257fb349e4cc5d6470ebb6875c0cd7b46a87d94a9aa17e08d5eac3502ee537
size 2159
