version https://git-lfs.github.com/spec/v1
oid sha256:af0f1000236213e252ff899379d3a636ec475591e9419554e87bc5877a6dead0
size 291
