version https://git-lfs.github.com/spec/v1
oid sha256:7c1c9c2bc92922cebfa2543e34f47d521e7c57420e73dc0b3a9455bf2f752f9a
size 1213
