version https://git-lfs.github.com/spec/v1
oid sha256:3f67a63e9b63760caa62450ea370faecb04b079370031d2fca1f797d4b8ba676
size 134
