version https://git-lfs.github.com/spec/v1
oid sha256:be9b565a02559f3ec5f1d1b24df8f298b1ec8471657db105b042895de1dc15c3
size 214
